Archive member included because of file (symbol)

c:/winavr-20090313/bin/../lib/gcc/avr/4.3.2/avr5\libgcc.a(_mulsi3.o)
                              HardwareSerial.o (__mulsi3)
c:/winavr-20090313/bin/../lib/gcc/avr/4.3.2/avr5\libgcc.a(_divmodhi4.o)
                              HardwareSerial.o (__divmodhi4)
c:/winavr-20090313/bin/../lib/gcc/avr/4.3.2/avr5\libgcc.a(_udivmodsi4.o)
                              Print.o (__udivmodsi4)
c:/winavr-20090313/bin/../lib/gcc/avr/4.3.2/avr5\libgcc.a(_exit.o)
                              c:/winavr-20090313/bin/../lib/gcc/avr/4.3.2/../../../../avr/lib/avr5/crtm644p.o (exit)
c:/winavr-20090313/bin/../lib/gcc/avr/4.3.2/avr5\libgcc.a(_copy_data.o)
                              Print.o (__do_copy_data)
c:/winavr-20090313/bin/../lib/gcc/avr/4.3.2/avr5\libgcc.a(_clear_bss.o)
                              HardwareSerial.o (__do_clear_bss)
c:/winavr-20090313/bin/../lib/gcc/avr/4.3.2/avr5\libgcc.a(_ctors.o)
                              HardwareSerial.o (__do_global_ctors)
c:/winavr-20090313/bin/../lib/gcc/avr/4.3.2/avr5\libgcc.a(_fixunssfsi.o)
                              Print.o (__fixunssfsi)
c:/winavr-20090313/bin/../lib/gcc/avr/4.3.2/avr5\libgcc.a(_addsub_sf.o)
                              Print.o (__subsf3)
c:/winavr-20090313/bin/../lib/gcc/avr/4.3.2/avr5\libgcc.a(_mul_sf.o)
                              Print.o (__mulsf3)
c:/winavr-20090313/bin/../lib/gcc/avr/4.3.2/avr5\libgcc.a(_div_sf.o)
                              Print.o (__divsf3)
c:/winavr-20090313/bin/../lib/gcc/avr/4.3.2/avr5\libgcc.a(_ge_sf.o)
                              c:/winavr-20090313/bin/../lib/gcc/avr/4.3.2/avr5\libgcc.a(_fixunssfsi.o) (__gesf2)
c:/winavr-20090313/bin/../lib/gcc/avr/4.3.2/avr5\libgcc.a(_lt_sf.o)
                              Print.o (__ltsf2)
c:/winavr-20090313/bin/../lib/gcc/avr/4.3.2/avr5\libgcc.a(_si_to_sf.o)
                              Print.o (__floatsisf)
c:/winavr-20090313/bin/../lib/gcc/avr/4.3.2/avr5\libgcc.a(_sf_to_si.o)
                              Print.o (__fixsfsi)
c:/winavr-20090313/bin/../lib/gcc/avr/4.3.2/avr5\libgcc.a(_thenan_sf.o)
                              c:/winavr-20090313/bin/../lib/gcc/avr/4.3.2/avr5\libgcc.a(_addsub_sf.o) (__thenan_sf)
c:/winavr-20090313/bin/../lib/gcc/avr/4.3.2/avr5\libgcc.a(_usi_to_sf.o)
                              Print.o (__floatunsisf)
c:/winavr-20090313/bin/../lib/gcc/avr/4.3.2/avr5\libgcc.a(_udivmodhi4.o)
                              c:/winavr-20090313/bin/../lib/gcc/avr/4.3.2/avr5\libgcc.a(_divmodhi4.o) (__udivmodhi4)
c:/winavr-20090313/bin/../lib/gcc/avr/4.3.2/avr5\libgcc.a(_prologue.o)
                              c:/winavr-20090313/bin/../lib/gcc/avr/4.3.2/avr5\libgcc.a(_addsub_sf.o) (__prologue_saves__)
c:/winavr-20090313/bin/../lib/gcc/avr/4.3.2/avr5\libgcc.a(_epilogue.o)
                              c:/winavr-20090313/bin/../lib/gcc/avr/4.3.2/avr5\libgcc.a(_addsub_sf.o) (__epilogue_restores__)
c:/winavr-20090313/bin/../lib/gcc/avr/4.3.2/avr5\libgcc.a(_tablejump.o)
                              c:/winavr-20090313/bin/../lib/gcc/avr/4.3.2/avr5\libgcc.a(_ctors.o) (__tablejump__)
c:/winavr-20090313/bin/../lib/gcc/avr/4.3.2/avr5\libgcc.a(_clzsi2.o)
                              c:/winavr-20090313/bin/../lib/gcc/avr/4.3.2/avr5\libgcc.a(_si_to_sf.o) (__clzsi2)
c:/winavr-20090313/bin/../lib/gcc/avr/4.3.2/avr5\libgcc.a(_pack_sf.o)
                              c:/winavr-20090313/bin/../lib/gcc/avr/4.3.2/avr5\libgcc.a(_addsub_sf.o) (__pack_f)
c:/winavr-20090313/bin/../lib/gcc/avr/4.3.2/avr5\libgcc.a(_unpack_sf.o)
                              c:/winavr-20090313/bin/../lib/gcc/avr/4.3.2/avr5\libgcc.a(_addsub_sf.o) (__unpack_f)
c:/winavr-20090313/bin/../lib/gcc/avr/4.3.2/avr5\libgcc.a(_fpcmp_parts_sf.o)
                              c:/winavr-20090313/bin/../lib/gcc/avr/4.3.2/avr5\libgcc.a(_ge_sf.o) (__fpcmp_parts_f)
c:/winavr-20090313/bin/../lib/gcc/avr/4.3.2/avr5\libgcc.a(_clz.o)
                              c:/winavr-20090313/bin/../lib/gcc/avr/4.3.2/avr5\libgcc.a(_clzsi2.o) (__clz_tab)

Allocating common symbols
Common symbol       size              file

gADC_output         0x10              adc.o
adc_ref_val         0x2               adc.o
gADC_curr           0x10              adc.o
gADC_curr_output    0x10              adc.o
adc_raw_ref_val     0x2               adc.o
gSample_cnt         0x4               adc.o

Memory Configuration

Name             Origin             Length             Attributes
text             0x00000000         0x00020000         xr
data             0x00800060         0x0000ffa0         rw !x
eeprom           0x00810000         0x00010000         rw !x
fuse             0x00820000         0x00000400         rw !x
lock             0x00830000         0x00000400         rw !x
signature        0x00840000         0x00000400         rw !x
*default*        0x00000000         0xffffffff

Linker script and memory map

Address of section .data set to 0x800100
LOAD c:/winavr-20090313/bin/../lib/gcc/avr/4.3.2/../../../../avr/lib/avr5/crtm644p.o
LOAD Print.o
LOAD HardwareSerial.o
LOAD cpp_hack.o
LOAD adc.o
LOAD adc_test.o
LOAD c:/winavr-20090313/bin/../lib/gcc/avr/4.3.2/avr5\libgcc.a
LOAD c:/winavr-20090313/bin/../lib/gcc/avr/4.3.2/../../../../avr/lib/avr5\libc.a
LOAD c:/winavr-20090313/bin/../lib/gcc/avr/4.3.2/avr5\libgcc.a

.hash
 *(.hash)

.dynsym
 *(.dynsym)

.dynstr
 *(.dynstr)

.gnu.version
 *(.gnu.version)

.gnu.version_d
 *(.gnu.version_d)

.gnu.version_r
 *(.gnu.version_r)

.rel.init
 *(.rel.init)

.rela.init
 *(.rela.init)

.rel.text
 *(.rel.text)
 *(.rel.text.*)
 *(.rel.gnu.linkonce.t*)

.rela.text
 *(.rela.text)
 *(.rela.text.*)
 *(.rela.gnu.linkonce.t*)

.rel.fini
 *(.rel.fini)

.rela.fini
 *(.rela.fini)

.rel.rodata
 *(.rel.rodata)
 *(.rel.rodata.*)
 *(.rel.gnu.linkonce.r*)

.rela.rodata
 *(.rela.rodata)
 *(.rela.rodata.*)
 *(.rela.gnu.linkonce.r*)

.rel.data
 *(.rel.data)
 *(.rel.data.*)
 *(.rel.gnu.linkonce.d*)

.rela.data
 *(.rela.data)
 *(.rela.data.*)
 *(.rela.gnu.linkonce.d*)

.rel.ctors
 *(.rel.ctors)

.rela.ctors
 *(.rela.ctors)

.rel.dtors
 *(.rel.dtors)

.rela.dtors
 *(.rela.dtors)

.rel.got
 *(.rel.got)

.rela.got
 *(.rela.got)

.rel.bss
 *(.rel.bss)

.rela.bss
 *(.rela.bss)

.rel.plt
 *(.rel.plt)

.rela.plt
 *(.rela.plt)

.text           0x00000000     0x1cf6
 *(.vectors)
 .vectors       0x00000000       0x7c c:/winavr-20090313/bin/../lib/gcc/avr/4.3.2/../../../../avr/lib/avr5/crtm644p.o
                0x00000000                __vectors
                0x00000000                __vector_default
 *(.vectors)
 *(.progmem.gcc*)
 *(.progmem*)
                0x0000007c                . = ALIGN (0x2)
                0x0000007c                __trampolines_start = .
 *(.trampolines)
 .trampolines   0x0000007c        0x0 linker stubs
 *(.trampolines*)
                0x0000007c                __trampolines_end = .
 *(.jumptables)
 *(.jumptables*)
 *(.lowtext)
 *(.lowtext*)
                0x0000007c                __ctors_start = .
 *(.ctors)
 .ctors         0x0000007c        0x2 HardwareSerial.o
                0x0000007e                __ctors_end = .
                0x0000007e                __dtors_start = .
 *(.dtors)
                0x0000007e                __dtors_end = .
 SORT(*)(.ctors)
 SORT(*)(.dtors)
 *(.init0)
 .init0         0x0000007e        0x0 c:/winavr-20090313/bin/../lib/gcc/avr/4.3.2/../../../../avr/lib/avr5/crtm644p.o
                0x0000007e                __init
 *(.init0)
 *(.init1)
 *(.init1)
 *(.init2)
 .init2         0x0000007e        0xc c:/winavr-20090313/bin/../lib/gcc/avr/4.3.2/../../../../avr/lib/avr5/crtm644p.o
 *(.init2)
 *(.init3)
 *(.init3)
 *(.init4)
 .init4         0x0000008a       0x16 c:/winavr-20090313/bin/../lib/gcc/avr/4.3.2/avr5\libgcc.a(_copy_data.o)
                0x0000008a                __do_copy_data
 .init4         0x000000a0       0x10 c:/winavr-20090313/bin/../lib/gcc/avr/4.3.2/avr5\libgcc.a(_clear_bss.o)
                0x000000a0                __do_clear_bss
 *(.init4)
 *(.init5)
 *(.init5)
 *(.init6)
 .init6         0x000000b0       0x16 c:/winavr-20090313/bin/../lib/gcc/avr/4.3.2/avr5\libgcc.a(_ctors.o)
                0x000000b0                __do_global_ctors
 *(.init6)
 *(.init7)
 *(.init7)
 *(.init8)
 *(.init8)
 *(.init9)
 .init9         0x000000c6        0x8 c:/winavr-20090313/bin/../lib/gcc/avr/4.3.2/../../../../avr/lib/avr5/crtm644p.o
 *(.init9)
 *(.text)
 .text          0x000000ce        0x4 c:/winavr-20090313/bin/../lib/gcc/avr/4.3.2/../../../../avr/lib/avr5/crtm644p.o
                0x000000ce                __vector_22
                0x000000ce                __vector_28
                0x000000ce                __vector_1
                0x000000ce                __vector_12
                0x000000ce                __bad_interrupt
                0x000000ce                __vector_6
                0x000000ce                __vector_3
                0x000000ce                __vector_23
                0x000000ce                __vector_30
                0x000000ce                __vector_25
                0x000000ce                __vector_11
                0x000000ce                __vector_13
                0x000000ce                __vector_17
                0x000000ce                __vector_19
                0x000000ce                __vector_7
                0x000000ce                __vector_27
                0x000000ce                __vector_5
                0x000000ce                __vector_4
                0x000000ce                __vector_9
                0x000000ce                __vector_2
                0x000000ce                __vector_21
                0x000000ce                __vector_15
                0x000000ce                __vector_29
                0x000000ce                __vector_8
                0x000000ce                __vector_26
                0x000000ce                __vector_14
                0x000000ce                __vector_10
                0x000000ce                __vector_16
                0x000000ce                __vector_18
                0x000000ce                __vector_20
 .text          0x000000d2        0x0 Print.o
 .text          0x000000d2        0x0 HardwareSerial.o
 .text          0x000000d2        0x0 cpp_hack.o
 .text          0x000000d2        0x0 adc.o
 .text          0x000000d2        0x0 adc_test.o
 .text          0x000000d2        0x0 c:/winavr-20090313/bin/../lib/gcc/avr/4.3.2/avr5\libgcc.a(_mulsi3.o)
 .text          0x000000d2        0x0 c:/winavr-20090313/bin/../lib/gcc/avr/4.3.2/avr5\libgcc.a(_divmodhi4.o)
 .text          0x000000d2        0x0 c:/winavr-20090313/bin/../lib/gcc/avr/4.3.2/avr5\libgcc.a(_udivmodsi4.o)
 .text          0x000000d2        0x0 c:/winavr-20090313/bin/../lib/gcc/avr/4.3.2/avr5\libgcc.a(_exit.o)
 .text          0x000000d2        0x0 c:/winavr-20090313/bin/../lib/gcc/avr/4.3.2/avr5\libgcc.a(_copy_data.o)
 .text          0x000000d2        0x0 c:/winavr-20090313/bin/../lib/gcc/avr/4.3.2/avr5\libgcc.a(_clear_bss.o)
 .text          0x000000d2        0x0 c:/winavr-20090313/bin/../lib/gcc/avr/4.3.2/avr5\libgcc.a(_ctors.o)
 .text          0x000000d2       0x58 c:/winavr-20090313/bin/../lib/gcc/avr/4.3.2/avr5\libgcc.a(_fixunssfsi.o)
                0x000000d2                __fixunssfsi
 .text          0x0000012a      0x354 c:/winavr-20090313/bin/../lib/gcc/avr/4.3.2/avr5\libgcc.a(_addsub_sf.o)
                0x000003c2                __subsf3
                0x00000424                __addsf3
 .text          0x0000047e      0x1f4 c:/winavr-20090313/bin/../lib/gcc/avr/4.3.2/avr5\libgcc.a(_mul_sf.o)
                0x0000047e                __mulsf3
 .text          0x00000672      0x158 c:/winavr-20090313/bin/../lib/gcc/avr/4.3.2/avr5\libgcc.a(_div_sf.o)
                0x00000672                __divsf3
 .text          0x000007ca       0x60 c:/winavr-20090313/bin/../lib/gcc/avr/4.3.2/avr5\libgcc.a(_ge_sf.o)
                0x000007ca                __gesf2
 .text          0x0000082a       0x60 c:/winavr-20090313/bin/../lib/gcc/avr/4.3.2/avr5\libgcc.a(_lt_sf.o)
                0x0000082a                __ltsf2
 .text          0x0000088a       0xbc c:/winavr-20090313/bin/../lib/gcc/avr/4.3.2/avr5\libgcc.a(_si_to_sf.o)
                0x0000088a                __floatsisf
 .text          0x00000946       0xa8 c:/winavr-20090313/bin/../lib/gcc/avr/4.3.2/avr5\libgcc.a(_sf_to_si.o)
                0x00000946                __fixsfsi
 .text          0x000009ee        0x0 c:/winavr-20090313/bin/../lib/gcc/avr/4.3.2/avr5\libgcc.a(_thenan_sf.o)
 .text          0x000009ee       0xf2 c:/winavr-20090313/bin/../lib/gcc/avr/4.3.2/avr5\libgcc.a(_usi_to_sf.o)
                0x000009ee                __floatunsisf
 .text          0x00000ae0        0x0 c:/winavr-20090313/bin/../lib/gcc/avr/4.3.2/avr5\libgcc.a(_udivmodhi4.o)
 .text          0x00000ae0        0x0 c:/winavr-20090313/bin/../lib/gcc/avr/4.3.2/avr5\libgcc.a(_prologue.o)
 .text          0x00000ae0        0x0 c:/winavr-20090313/bin/../lib/gcc/avr/4.3.2/avr5\libgcc.a(_epilogue.o)
 .text          0x00000ae0        0x0 c:/winavr-20090313/bin/../lib/gcc/avr/4.3.2/avr5\libgcc.a(_tablejump.o)
 .text          0x00000ae0       0x9e c:/winavr-20090313/bin/../lib/gcc/avr/4.3.2/avr5\libgcc.a(_clzsi2.o)
                0x00000ae0                __clzsi2
 .text          0x00000b7e      0x1aa c:/winavr-20090313/bin/../lib/gcc/avr/4.3.2/avr5\libgcc.a(_pack_sf.o)
                0x00000b7e                __pack_f
 .text          0x00000d28       0xf0 c:/winavr-20090313/bin/../lib/gcc/avr/4.3.2/avr5\libgcc.a(_unpack_sf.o)
                0x00000d28                __unpack_f
 .text          0x00000e18       0xb2 c:/winavr-20090313/bin/../lib/gcc/avr/4.3.2/avr5\libgcc.a(_fpcmp_parts_sf.o)
                0x00000e18                __fpcmp_parts_f
 .text          0x00000eca        0x0 c:/winavr-20090313/bin/../lib/gcc/avr/4.3.2/avr5\libgcc.a(_clz.o)
                0x00000eca                . = ALIGN (0x2)
 *(.text.*)
 .text._ZN5Print5writeEPKc
                0x00000eca       0x30 Print.o
                0x00000eca                Print::write(char const*)
 .text._ZN5Print5writeEPKhj
                0x00000efa       0x3e Print.o
                0x00000efa                Print::write(unsigned char const*, unsigned int)
 .text._ZN5Print5printEh
                0x00000f38       0x10 Print.o
                0x00000f38                Print::print(unsigned char)
 .text._ZN5Print5printEc
                0x00000f48       0x10 Print.o
                0x00000f48                Print::print(char)
 .text._ZN5Print5printEPKc
                0x00000f58       0x10 Print.o
                0x00000f58                Print::print(char const*)
 .text._ZN5Print7printlnEv
                0x00000f68       0x2e Print.o
                0x00000f68                Print::println()
 .text._ZN5Print7printlnEc
                0x00000f96       0x20 Print.o
                0x00000f96                Print::println(char)
 .text._ZN5Print7printlnEPKc
                0x00000fb6       0x16 Print.o
                0x00000fb6                Print::println(char const*)
 .text._ZN5Print7printlnEh
                0x00000fcc       0x20 Print.o
                0x00000fcc                Print::println(unsigned char)
 .text._ZN5Print11printNumberEmh
                0x00000fec      0x130 Print.o
                0x00000fec                Print::printNumber(unsigned long, unsigned char)
 .text._ZN5Print5printEm
                0x0000111c        0x8 Print.o
                0x0000111c                Print::print(unsigned long)
 .text._ZN5Print7printlnEm
                0x00001124       0x16 Print.o
                0x00001124                Print::println(unsigned long)
 .text._ZN5Print5printEj
                0x0000113a        0xc Print.o
                0x0000113a                Print::print(unsigned int)
 .text._ZN5Print7printlnEj
                0x00001146       0x1c Print.o
                0x00001146                Print::println(unsigned int)
 .text._ZN5Print5printEl
                0x00001162       0x4e Print.o
                0x00001162                Print::print(long)
 .text._ZN5Print7printlnEl
                0x000011b0       0x16 Print.o
                0x000011b0                Print::println(long)
 .text._ZN5Print5printEi
                0x000011c6       0x10 Print.o
                0x000011c6                Print::print(int)
 .text._ZN5Print7printlnEi
                0x000011d6       0x20 Print.o
                0x000011d6                Print::println(int)
 .text._ZN5Print5printEli
                0x000011f6       0x2a Print.o
                0x000011f6                Print::print(long, int)
 .text._ZN5Print7printlnEli
                0x00001220       0x16 Print.o
                0x00001220                Print::println(long, int)
 .text._ZN5Print10printFloatEdh
                0x00001236      0x10e Print.o
                0x00001236                Print::printFloat(double, unsigned char)
 .text._ZN5Print5printEd
                0x00001344        0x8 Print.o
                0x00001344                Print::print(double)
 .text._ZN5Print7printlnEd
                0x0000134c       0x16 Print.o
                0x0000134c                Print::println(double)
 .text._ZN14HardwareSerialC2EP11ring_bufferPVhS3_S3_S3_S3_hhhhh
                0x00001362       0x60 HardwareSerial.o
                0x00001362                HardwareSerial::HardwareSerial(ring_buffer*, unsigned char volatile*, unsigned char volatile*, unsigned char volatile*, unsigned char volatile*, unsigned char volatile*, unsigned char, unsigned char, unsigned char, unsigned char, unsigned char)
 .text._ZN14HardwareSerialC1EP11ring_bufferPVhS3_S3_S3_S3_hhhhh
                0x000013c2       0x60 HardwareSerial.o
                0x000013c2                HardwareSerial::HardwareSerial(ring_buffer*, unsigned char volatile*, unsigned char volatile*, unsigned char volatile*, unsigned char volatile*, unsigned char volatile*, unsigned char, unsigned char, unsigned char, unsigned char, unsigned char)
 .text._ZN14HardwareSerial5beginEl
                0x00001422      0x1fc HardwareSerial.o
                0x00001422                HardwareSerial::begin(long)
 .text._ZN14HardwareSerial9availableEv
                0x0000161e       0x28 HardwareSerial.o
                0x0000161e                HardwareSerial::available()
 .text._ZN14HardwareSerial4readEv
                0x00001646       0x50 HardwareSerial.o
                0x00001646                HardwareSerial::read()
 .text._ZN14HardwareSerial5flushEv
                0x00001696       0x18 HardwareSerial.o
                0x00001696                HardwareSerial::flush()
 .text._ZN14HardwareSerial5writeEh
                0x000016ae       0x26 HardwareSerial.o
                0x000016ae                HardwareSerial::write(unsigned char)
 .text._GLOBAL__I_rx_buffer
                0x000016d4       0x74 HardwareSerial.o
 .text.__cxa_guard_acquire
                0x00001748       0x14 cpp_hack.o
                0x00001748                __cxa_guard_acquire
 .text.__cxa_guard_release
                0x0000175c        0x8 cpp_hack.o
                0x0000175c                __cxa_guard_release
 .text.__cxa_guard_abort
                0x00001764        0x2 cpp_hack.o
                0x00001764                __cxa_guard_abort
 .text.__cxa_pure_virtual
                0x00001766        0x2 cpp_hack.o
                0x00001766                __cxa_pure_virtual
 .text.adc_set_ref
                0x00001768       0x16 adc.o
                0x00001768                adc_set_ref
 .text.adc_set_ch
                0x0000177e       0x10 adc.o
                0x0000177e                adc_set_ch
 .text.adc_get_sample_cnt
                0x0000178e       0x1c adc.o
                0x0000178e                adc_get_sample_cnt
 .text.adc_initialize
                0x000017aa      0x14a adc.o
                0x000017aa                adc_initialize
 .text.adc_is_data_ready
                0x000018f4        0x6 adc.o
                0x000018f4                adc_is_data_ready
 .text.adc_get_new_samples
                0x000018fa       0x60 adc.o
                0x000018fa                adc_get_new_samples
 .text.__vector_24
                0x0000195a      0x140 adc.o
                0x0000195a                __vector_24
 .text._Z4loopv
                0x00001a9a       0xa2 adc_test.o
                0x00001a9a                loop()
 .text._Z5setupv
                0x00001b3c       0x62 adc_test.o
                0x00001b3c                setup()
 .text.main     0x00001b9e        0xa adc_test.o
                0x00001b9e                main
 .text.libgcc   0x00001ba8       0x3e c:/winavr-20090313/bin/../lib/gcc/avr/4.3.2/avr5\libgcc.a(_mulsi3.o)
                0x00001ba8                __mulsi3
 .text.libgcc   0x00001be6       0x26 c:/winavr-20090313/bin/../lib/gcc/avr/4.3.2/avr5\libgcc.a(_divmodhi4.o)
                0x00001be6                __divmodhi4
                0x00001be6                _div
 .text.libgcc   0x00001c0c       0x44 c:/winavr-20090313/bin/../lib/gcc/avr/4.3.2/avr5\libgcc.a(_udivmodsi4.o)
                0x00001c0c                __udivmodsi4
 .text.libgcc   0x00001c50        0x0 c:/winavr-20090313/bin/../lib/gcc/avr/4.3.2/avr5\libgcc.a(_exit.o)
 .text.libgcc   0x00001c50        0x0 c:/winavr-20090313/bin/../lib/gcc/avr/4.3.2/avr5\libgcc.a(_copy_data.o)
 .text.libgcc   0x00001c50        0x0 c:/winavr-20090313/bin/../lib/gcc/avr/4.3.2/avr5\libgcc.a(_clear_bss.o)
 .text.libgcc   0x00001c50        0x0 c:/winavr-20090313/bin/../lib/gcc/avr/4.3.2/avr5\libgcc.a(_ctors.o)
 .text.libgcc   0x00001c50       0x28 c:/winavr-20090313/bin/../lib/gcc/avr/4.3.2/avr5\libgcc.a(_udivmodhi4.o)
                0x00001c50                __udivmodhi4
 .text.libgcc   0x00001c78       0x38 c:/winavr-20090313/bin/../lib/gcc/avr/4.3.2/avr5\libgcc.a(_prologue.o)
                0x00001c78                __prologue_saves__
 .text.libgcc   0x00001cb0       0x36 c:/winavr-20090313/bin/../lib/gcc/avr/4.3.2/avr5\libgcc.a(_epilogue.o)
                0x00001cb0                __epilogue_restores__
 .text.libgcc   0x00001ce6        0xc c:/winavr-20090313/bin/../lib/gcc/avr/4.3.2/avr5\libgcc.a(_tablejump.o)
                0x00001cea                __tablejump__
                0x00001ce6                __tablejump2__
                0x00001cf2                . = ALIGN (0x2)
 *(.fini9)
 .fini9         0x00001cf2        0x0 c:/winavr-20090313/bin/../lib/gcc/avr/4.3.2/avr5\libgcc.a(_exit.o)
                0x00001cf2                exit
                0x00001cf2                _exit
 *(.fini9)
 *(.fini8)
 *(.fini8)
 *(.fini7)
 *(.fini7)
 *(.fini6)
 *(.fini6)
 *(.fini5)
 *(.fini5)
 *(.fini4)
 *(.fini4)
 *(.fini3)
 *(.fini3)
 *(.fini2)
 *(.fini2)
 *(.fini1)
 *(.fini1)
 *(.fini0)
 .fini0         0x00001cf2        0x4 c:/winavr-20090313/bin/../lib/gcc/avr/4.3.2/avr5\libgcc.a(_exit.o)
 *(.fini0)
                0x00001cf6                _etext = .

.data           0x00800100      0x194 load address 0x00001cf6
                0x00800100                PROVIDE (__data_start, .)
 *(.data)
 .data          0x00800100        0x0 c:/winavr-20090313/bin/../lib/gcc/avr/4.3.2/../../../../avr/lib/avr5/crtm644p.o
 .data          0x00800100        0x2 Print.o
 .data          0x00800102        0x0 HardwareSerial.o
 .data          0x00800102        0x0 cpp_hack.o
 .data          0x00800102        0x0 adc.o
 .data          0x00800102       0x62 adc_test.o
 .data          0x00800164        0x0 c:/winavr-20090313/bin/../lib/gcc/avr/4.3.2/avr5\libgcc.a(_mulsi3.o)
 .data          0x00800164        0x0 c:/winavr-20090313/bin/../lib/gcc/avr/4.3.2/avr5\libgcc.a(_divmodhi4.o)
 .data          0x00800164        0x0 c:/winavr-20090313/bin/../lib/gcc/avr/4.3.2/avr5\libgcc.a(_udivmodsi4.o)
 .data          0x00800164        0x0 c:/winavr-20090313/bin/../lib/gcc/avr/4.3.2/avr5\libgcc.a(_exit.o)
 .data          0x00800164        0x0 c:/winavr-20090313/bin/../lib/gcc/avr/4.3.2/avr5\libgcc.a(_copy_data.o)
 .data          0x00800164        0x0 c:/winavr-20090313/bin/../lib/gcc/avr/4.3.2/avr5\libgcc.a(_clear_bss.o)
 .data          0x00800164        0x0 c:/winavr-20090313/bin/../lib/gcc/avr/4.3.2/avr5\libgcc.a(_ctors.o)
 .data          0x00800164        0x0 c:/winavr-20090313/bin/../lib/gcc/avr/4.3.2/avr5\libgcc.a(_fixunssfsi.o)
 .data          0x00800164        0x0 c:/winavr-20090313/bin/../lib/gcc/avr/4.3.2/avr5\libgcc.a(_addsub_sf.o)
 .data          0x00800164        0x0 c:/winavr-20090313/bin/../lib/gcc/avr/4.3.2/avr5\libgcc.a(_mul_sf.o)
 .data          0x00800164        0x0 c:/winavr-20090313/bin/../lib/gcc/avr/4.3.2/avr5\libgcc.a(_div_sf.o)
 .data          0x00800164        0x0 c:/winavr-20090313/bin/../lib/gcc/avr/4.3.2/avr5\libgcc.a(_ge_sf.o)
 .data          0x00800164        0x0 c:/winavr-20090313/bin/../lib/gcc/avr/4.3.2/avr5\libgcc.a(_lt_sf.o)
 .data          0x00800164        0x0 c:/winavr-20090313/bin/../lib/gcc/avr/4.3.2/avr5\libgcc.a(_si_to_sf.o)
 .data          0x00800164        0x0 c:/winavr-20090313/bin/../lib/gcc/avr/4.3.2/avr5\libgcc.a(_sf_to_si.o)
 .data          0x00800164        0x8 c:/winavr-20090313/bin/../lib/gcc/avr/4.3.2/avr5\libgcc.a(_thenan_sf.o)
                0x00800164                __thenan_sf
 .data          0x0080016c        0x0 c:/winavr-20090313/bin/../lib/gcc/avr/4.3.2/avr5\libgcc.a(_usi_to_sf.o)
 .data          0x0080016c        0x0 c:/winavr-20090313/bin/../lib/gcc/avr/4.3.2/avr5\libgcc.a(_udivmodhi4.o)
 .data          0x0080016c        0x0 c:/winavr-20090313/bin/../lib/gcc/avr/4.3.2/avr5\libgcc.a(_prologue.o)
 .data          0x0080016c        0x0 c:/winavr-20090313/bin/../lib/gcc/avr/4.3.2/avr5\libgcc.a(_epilogue.o)
 .data          0x0080016c        0x0 c:/winavr-20090313/bin/../lib/gcc/avr/4.3.2/avr5\libgcc.a(_tablejump.o)
 .data          0x0080016c        0x0 c:/winavr-20090313/bin/../lib/gcc/avr/4.3.2/avr5\libgcc.a(_clzsi2.o)
 .data          0x0080016c        0x0 c:/winavr-20090313/bin/../lib/gcc/avr/4.3.2/avr5\libgcc.a(_pack_sf.o)
 .data          0x0080016c        0x0 c:/winavr-20090313/bin/../lib/gcc/avr/4.3.2/avr5\libgcc.a(_unpack_sf.o)
 .data          0x0080016c        0x0 c:/winavr-20090313/bin/../lib/gcc/avr/4.3.2/avr5\libgcc.a(_fpcmp_parts_sf.o)
 .data          0x0080016c      0x100 c:/winavr-20090313/bin/../lib/gcc/avr/4.3.2/avr5\libgcc.a(_clz.o)
                0x0080016c                __clz_tab
 *(.data*)
 .data.msg      0x0080026c       0x14 adc_test.o
                0x0080026c                msg
 *(.rodata)
 *(.rodata*)
 .rodata._ZTV5Print
                0x00800280        0xa Print.o
                0x00800280                vtable for Print
 .rodata._ZTV14HardwareSerial
                0x0080028a        0xa HardwareSerial.o
                0x0080028a                vtable for HardwareSerial
 *(.gnu.linkonce.d*)
                0x00800294                . = ALIGN (0x2)
                0x00800294                _edata = .
                0x00800294                PROVIDE (__data_end, .)

.bss            0x00800294       0xf6
                0x00800294                PROVIDE (__bss_start, .)
 *(.bss)
 .bss           0x00800294        0x0 c:/winavr-20090313/bin/../lib/gcc/avr/4.3.2/../../../../avr/lib/avr5/crtm644p.o
 .bss           0x00800294        0x0 Print.o
 .bss           0x00800294        0x0 HardwareSerial.o
 .bss           0x00800294        0x0 cpp_hack.o
 .bss           0x00800294        0x0 adc.o
 .bss           0x00800294        0x0 adc_test.o
 .bss           0x00800294        0x0 c:/winavr-20090313/bin/../lib/gcc/avr/4.3.2/avr5\libgcc.a(_mulsi3.o)
 .bss           0x00800294        0x0 c:/winavr-20090313/bin/../lib/gcc/avr/4.3.2/avr5\libgcc.a(_divmodhi4.o)
 .bss           0x00800294        0x0 c:/winavr-20090313/bin/../lib/gcc/avr/4.3.2/avr5\libgcc.a(_udivmodsi4.o)
 .bss           0x00800294        0x0 c:/winavr-20090313/bin/../lib/gcc/avr/4.3.2/avr5\libgcc.a(_exit.o)
 .bss           0x00800294        0x0 c:/winavr-20090313/bin/../lib/gcc/avr/4.3.2/avr5\libgcc.a(_copy_data.o)
 .bss           0x00800294        0x0 c:/winavr-20090313/bin/../lib/gcc/avr/4.3.2/avr5\libgcc.a(_clear_bss.o)
 .bss           0x00800294        0x0 c:/winavr-20090313/bin/../lib/gcc/avr/4.3.2/avr5\libgcc.a(_ctors.o)
 .bss           0x00800294        0x0 c:/winavr-20090313/bin/../lib/gcc/avr/4.3.2/avr5\libgcc.a(_fixunssfsi.o)
 .bss           0x00800294        0x0 c:/winavr-20090313/bin/../lib/gcc/avr/4.3.2/avr5\libgcc.a(_addsub_sf.o)
 .bss           0x00800294        0x0 c:/winavr-20090313/bin/../lib/gcc/avr/4.3.2/avr5\libgcc.a(_mul_sf.o)
 .bss           0x00800294        0x0 c:/winavr-20090313/bin/../lib/gcc/avr/4.3.2/avr5\libgcc.a(_div_sf.o)
 .bss           0x00800294        0x0 c:/winavr-20090313/bin/../lib/gcc/avr/4.3.2/avr5\libgcc.a(_ge_sf.o)
 .bss           0x00800294        0x0 c:/winavr-20090313/bin/../lib/gcc/avr/4.3.2/avr5\libgcc.a(_lt_sf.o)
 .bss           0x00800294        0x0 c:/winavr-20090313/bin/../lib/gcc/avr/4.3.2/avr5\libgcc.a(_si_to_sf.o)
 .bss           0x00800294        0x0 c:/winavr-20090313/bin/../lib/gcc/avr/4.3.2/avr5\libgcc.a(_sf_to_si.o)
 .bss           0x00800294        0x0 c:/winavr-20090313/bin/../lib/gcc/avr/4.3.2/avr5\libgcc.a(_thenan_sf.o)
 .bss           0x00800294        0x0 c:/winavr-20090313/bin/../lib/gcc/avr/4.3.2/avr5\libgcc.a(_usi_to_sf.o)
 .bss           0x00800294        0x0 c:/winavr-20090313/bin/../lib/gcc/avr/4.3.2/avr5\libgcc.a(_udivmodhi4.o)
 .bss           0x00800294        0x0 c:/winavr-20090313/bin/../lib/gcc/avr/4.3.2/avr5\libgcc.a(_prologue.o)
 .bss           0x00800294        0x0 c:/winavr-20090313/bin/../lib/gcc/avr/4.3.2/avr5\libgcc.a(_epilogue.o)
 .bss           0x00800294        0x0 c:/winavr-20090313/bin/../lib/gcc/avr/4.3.2/avr5\libgcc.a(_tablejump.o)
 .bss           0x00800294        0x0 c:/winavr-20090313/bin/../lib/gcc/avr/4.3.2/avr5\libgcc.a(_clzsi2.o)
 .bss           0x00800294        0x0 c:/winavr-20090313/bin/../lib/gcc/avr/4.3.2/avr5\libgcc.a(_pack_sf.o)
 .bss           0x00800294        0x0 c:/winavr-20090313/bin/../lib/gcc/avr/4.3.2/avr5\libgcc.a(_unpack_sf.o)
 .bss           0x00800294        0x0 c:/winavr-20090313/bin/../lib/gcc/avr/4.3.2/avr5\libgcc.a(_fpcmp_parts_sf.o)
 .bss           0x00800294        0x0 c:/winavr-20090313/bin/../lib/gcc/avr/4.3.2/avr5\libgcc.a(_clz.o)
 *(.bss*)
 .bss.rx_buffer
                0x00800294       0x84 HardwareSerial.o
                0x00800294                rx_buffer
 .bss.Serial    0x00800318       0x13 HardwareSerial.o
                0x00800318                Serial
 .bss.gADC_new_output
                0x0080032b        0x1 adc.o
                0x0080032b                gADC_new_output
 .bss.gADC_acc_cnt.1375
                0x0080032c        0x1 adc.o
 .bss.gADC_ch   0x0080032d        0x1 adc.o
 .bss.gADC_acc  0x0080032e       0x10 adc.o
 .bss.gADC_sample
                0x0080033e       0x10 adc.o
 .bss.gSystemTime
                0x0080034e        0x4 adc_test.o
                0x0080034e                gSystemTime
 *(COMMON)
 COMMON         0x00800352       0x38 adc.o
                0x00800352                gADC_output
                0x00800362                adc_ref_val
                0x00800364                gADC_curr
                0x00800374                gADC_curr_output
                0x00800384                adc_raw_ref_val
                0x00800386                gSample_cnt
                0x0080038a                PROVIDE (__bss_end, .)
                0x00001cf6                __data_load_start = LOADADDR (.data)
                0x00001e8a                __data_load_end = (__data_load_start + SIZEOF (.data))

.noinit         0x0080038a        0x0
                0x0080038a                PROVIDE (__noinit_start, .)
 *(.noinit*)
                0x0080038a                PROVIDE (__noinit_end, .)
                0x0080038a                _end = .
                0x0080038a                PROVIDE (__heap_start, .)

.eeprom         0x00810000        0x0
 *(.eeprom*)
                0x00810000                __eeprom_end = .

.fuse
 *(.fuse)
 *(.lfuse)
 *(.hfuse)
 *(.efuse)

.lock
 *(.lock*)

.signature
 *(.signature*)

.stab
 *(.stab)

.stabstr
 *(.stabstr)

.stab.excl
 *(.stab.excl)

.stab.exclstr
 *(.stab.exclstr)

.stab.index
 *(.stab.index)

.stab.indexstr
 *(.stab.indexstr)

.comment
 *(.comment)

.debug
 *(.debug)

.line
 *(.line)

.debug_srcinfo
 *(.debug_srcinfo)

.debug_sfnames
 *(.debug_sfnames)

.debug_aranges  0x00000000      0x1e0
 *(.debug_aranges)
 .debug_aranges
                0x00000000       0xd0 Print.o
 .debug_aranges
                0x000000d0       0x58 HardwareSerial.o
 .debug_aranges
                0x00000128       0x38 cpp_hack.o
 .debug_aranges
                0x00000160       0x50 adc.o
 .debug_aranges
                0x000001b0       0x30 adc_test.o

.debug_pubnames
                0x00000000      0x477
 *(.debug_pubnames)
 .debug_pubnames
                0x00000000      0x1b8 Print.o
 .debug_pubnames
                0x000001b8       0xf6 HardwareSerial.o
 .debug_pubnames
                0x000002ae       0x6f cpp_hack.o
 .debug_pubnames
                0x0000031d      0x114 adc.o
 .debug_pubnames
                0x00000431       0x46 adc_test.o

.debug_info     0x00000000     0x1956
 *(.debug_info)
 .debug_info    0x00000000      0xb2a Print.o
 .debug_info    0x00000b2a      0x6e9 HardwareSerial.o
 .debug_info    0x00001213       0xdc cpp_hack.o
 .debug_info    0x000012ef      0x468 adc.o
 .debug_info    0x00001757      0x1ff adc_test.o
 *(.gnu.linkonce.wi.*)

.debug_abbrev   0x00000000      0x7f4
 *(.debug_abbrev)
 .debug_abbrev  0x00000000      0x1ff Print.o
 .debug_abbrev  0x000001ff      0x286 HardwareSerial.o
 .debug_abbrev  0x00000485       0x99 cpp_hack.o
 .debug_abbrev  0x0000051e      0x1c0 adc.o
 .debug_abbrev  0x000006de      0x116 adc_test.o

.debug_line     0x00000000      0xf16
 *(.debug_line)
 .debug_line    0x00000000      0x544 Print.o
 .debug_line    0x00000544      0x383 HardwareSerial.o
 .debug_line    0x000008c7       0xc8 cpp_hack.o
 .debug_line    0x0000098f      0x3d9 adc.o
 .debug_line    0x00000d68      0x1ae adc_test.o

.debug_frame    0x00000000      0x320
 *(.debug_frame)
 .debug_frame   0x00000000      0x180 Print.o
 .debug_frame   0x00000180       0x90 HardwareSerial.o
 .debug_frame   0x00000210       0x50 cpp_hack.o
 .debug_frame   0x00000260       0x80 adc.o
 .debug_frame   0x000002e0       0x40 adc_test.o

.debug_str      0x00000000      0x6e6
 *(.debug_str)
 .debug_str     0x00000000      0x2f7 Print.o
                                0x33d (size before relaxing)
 .debug_str     0x000002f7      0x1b0 HardwareSerial.o
                                0x2f2 (size before relaxing)
 .debug_str     0x000004a7       0x63 cpp_hack.o
                                 0xc4 (size before relaxing)
 .debug_str     0x0000050a      0x157 adc.o
                                0x205 (size before relaxing)
 .debug_str     0x00000661       0x85 adc_test.o
                                0x18e (size before relaxing)

.debug_loc      0x00000000      0xd1d
 *(.debug_loc)
 .debug_loc     0x00000000      0x87d Print.o
 .debug_loc     0x0000087d      0x2a9 HardwareSerial.o
 .debug_loc     0x00000b26       0x50 cpp_hack.o
 .debug_loc     0x00000b76      0x194 adc.o
 .debug_loc     0x00000d0a       0x13 adc_test.o

.debug_macinfo
 *(.debug_macinfo)
OUTPUT(pushpak.elf elf32-avr)
LOAD linker stubs

.debug_ranges   0x00000000      0x1b8
 .debug_ranges  0x00000000       0xc8 Print.o
 .debug_ranges  0x000000c8       0x50 HardwareSerial.o
 .debug_ranges  0x00000118       0x30 cpp_hack.o
 .debug_ranges  0x00000148       0x48 adc.o
 .debug_ranges  0x00000190       0x28 adc_test.o
